Tensorboard boolean = True
Pre tech model detected. Building a neural network for i_I
Climate Models: [0.01061868 0.01243076 0.01452615 0.01693852 0.01970261 0.0228522
 0.02642115 0.0304394  0.03493224 0.03991846 0.04540778 0.05139921
 0.05787886 0.06481399 0.07215979 0.079847   0.08779094 0.09588757
 0.10401094 0.11202377]
Tech Models: [0.44715717 0.3213003  0.23154254]
Distortion: 3.596533432602882e-05
Climate Models: [0.01628909 0.01833118 0.02060116 0.02311573 0.02588896 0.0289329
 0.03225797 0.03586976 0.03976936 0.04395392 0.0484123  0.05312785
 0.05807506 0.06322134 0.06852354 0.07393086 0.07938582 0.08481997
 0.09016208 0.0953311 ]
Tech Models: [0.41811317 0.32644901 0.25543785]
Distortion: 2.5859586618840696e-05
Climate Models: [0.03550391 0.03692297 0.03838155 0.03987658 0.04140432 0.04296027
 0.04453939 0.04613613 0.04774387 0.04935588 0.0509646  0.05256177
 0.05413907 0.05568753 0.05719754 0.0586597  0.06006437 0.06140183
 0.0626623  0.06383643]
Tech Models: [0.36098951 0.33250895 0.3065016 ]
Distortion: 7.307145019993186e-06
Climate Models: [0.0499686  0.0499724  0.04997616 0.04997987 0.04998351 0.04998707
 0.04999055 0.04999394 0.04999724 0.05000042 0.05000349 0.05000644
 0.05000925 0.05001193 0.05001445 0.05001683 0.05001905 0.0500211
 0.05002299 0.05002469]
Tech Models: [0.33338884 0.33333316 0.33327797]
Distortion: 6.245026817850885e-09
