full, 0.1, 128
/var/spool/slurm/d/job24313115/slurm_script: line 117: [: 0.1: integer expression expected
range_type=0.1
#! /bin/bash

echo "$SLURM_JOB_NAME"
echo "Program starts $(date)"
start_time=$(date +%s)

python version_Bin/post_tech_post_damage_channel_pseudo_original.py /project/lhansen/Cap_damage/TwoCapital_NN/output/Delta_001_damage_full_shortrange_128_neurons_32_Agmin_0.12_Agmax_0.13_logxi_-3.0_logximax_5.0_logxibaseline_-3.0_num_iterations2000000 -3.0 5.0 128 2000000  None 1000 10e-5,10e-5,10e-5,10e-5 swish,tanh,tanh,softplus softplus,custom,custom,softplus 4 32 None 0.01 True Delta_001_damage_full_shortrange_128_neurons_32_Agmin_0.12_Agmax_0.13_logxi_-3.0_logximax_5.0_logxibaseline_-3.0_num_iterations2000000 -3.0 5.0 full 0.12 0.13 3 20

echo "Program ends $(date)"
end_time=$(date +%s)

# elapsed time with second resolution
elapsed=$((end_time - start_time))

eval "echo Elapsed time: $(date -ud "@$elapsed" +'$((%s/3600/24)) days %H hr %M min %S sec')"

#! /bin/bash

echo "$SLURM_JOB_NAME"
echo "Program starts $(date)"
start_time=$(date +%s)

if [ "${1}" -eq 0 ]; then
    echo "pre_tech_post_damage_channel_original"
    python version_Bin/pre_tech_post_damage_channel_pseudo_original.py /project/lhansen/Cap_damage/TwoCapital_NN/output/Delta_001_damage_full_shortrange_128_neurons_32_Agmin_0.12_Agmax_0.13_logxi_-3.0_logximax_5.0_logxibaseline_-3.0_num_iterations2000000 -3.0 5.0 128 2000000  None 1000 10e-5,10e-5,10e-5,10e-5 swish,tanh,tanh,softplus softplus,custom,custom,softplus 4 32 None 0.01 True  Delta_001_damage_full_shortrange_128_neurons_32_Agmin_0.12_Agmax_0.13_logxi_-3.0_logximax_5.0_logxibaseline_-3.0_num_iterations2000000 -3.0 5.0 full 0.12 0.13 3 20
else
    echo "post_tech_pre_damage_channel_original"
    python version_Bin/post_tech_pre_damage_channel_pseudo_original.py /project/lhansen/Cap_damage/TwoCapital_NN/output/Delta_001_damage_full_shortrange_128_neurons_32_Agmin_0.12_Agmax_0.13_logxi_-3.0_logximax_5.0_logxibaseline_-3.0_num_iterations2000000 /project/lhansen/Cap_damage/TwoCapital_NN/output/Delta_001_damage_full_shortrange_128_neurons_32_Agmin_0.12_Agmax_0.13_logxi_-3.0_logximax_5.0_logxibaseline_-3.0_num_iterations2000000/pre_tech_post_damage -3.0 5.0 128 2000000  None 1000 10e-5,10e-5,10e-5,10e-5 swish,tanh,tanh,softplus softplus,custom,custom,softplus 4 32 None 0.01 True  Delta_001_damage_full_shortrange_128_neurons_32_Agmin_0.12_Agmax_0.13_logxi_-3.0_logximax_5.0_logxibaseline_-3.0_num_iterations2000000 -3.0 5.0 full 0.12 0.13 3 20
fi

echo "Program ends $(date)"
end_time=$(date +%s)

# elapsed time with second resolution
elapsed=$((end_time - start_time))

eval "echo Elapsed time: $(date -ud "@$elapsed" +'$((%s/3600/24)) days %H hr %M min %S sec')"

#! /bin/bash

echo "$SLURM_JOB_NAME"
echo "Program starts $(date)"
start_time=$(date +%s)

echo "pre_tech_pre_damage"
python version_Bin/pre_tech_pre_damage_channel_pseudo_original.py /project/lhansen/Cap_damage/TwoCapital_NN/output/Delta_001_damage_full_shortrange_128_neurons_32_Agmin_0.12_Agmax_0.13_logxi_-3.0_logximax_5.0_logxibaseline_-3.0_num_iterations2000000 /project/lhansen/Cap_damage/TwoCapital_NN/output/Delta_001_damage_full_shortrange_128_neurons_32_Agmin_0.12_Agmax_0.13_logxi_-3.0_logximax_5.0_logxibaseline_-3.0_num_iterations2000000/post_tech_pre_damage /project/lhansen/Cap_damage/TwoCapital_NN/output/Delta_001_damage_full_shortrange_128_neurons_32_Agmin_0.12_Agmax_0.13_logxi_-3.0_logximax_5.0_logxibaseline_-3.0_num_iterations2000000/pre_tech_post_damage -10 -3.0 5.0 128 2000000  None 1000 10e-5,10e-5,10e-5,10e-5 swish,tanh,tanh,softplus softplus,custom,custom,softplus 4 32 None 0.01 True  Delta_001_damage_full_shortrange_128_neurons_32_Agmin_0.12_Agmax_0.13_logxi_-3.0_logximax_5.0_logxibaseline_-3.0_num_iterations2000000 -3.0 5.0 full 0.12 0.13 3 20




echo "Program ends $(date)"
end_time=$(date +%s)

# elapsed time with second resolution
elapsed=$((end_time - start_time))

eval "echo Elapsed time: $(date -ud "@$elapsed" +'$((%s/3600/24)) days %H hr %M min %S sec')"

